// Jest Snapshot v1, https://goo.gl/fbAQLP

exports[`components/Category should render correctly 1`] = `
<div
  onClick={[Function]}
>
  Umbrella
</div>
`;
