// Jest Snapshot v1, https://goo.gl/fbAQLP

exports[`components/CategoryList should render correctly 1`] = `
<div>
  <Card
    body={false}
  >
    <CardBody>
      <CardTitle>
        Categories
      </CardTitle>
    </CardBody>
  </Card>
  <ForwardRef>
    <Bootstrap(ListGroupItem)
      key="1"
    >
      <Connect(Category)
        category={
          Object {
            "created": "2019-06-17T13:46:18+00:00",
            "description": "Laptop",
            "id": 1,
            "name": "Laptop",
            "updated": "2019-06-17T13:46:18+00:00",
          }
        }
      />
    </Bootstrap(ListGroupItem)>
    <Bootstrap(ListGroupItem)
      key="2"
    >
      <Connect(Category)
        category={
          Object {
            "created": "2019-06-17T13:46:25+00:00",
            "description": "Books",
            "id": 2,
            "name": "Books",
            "updated": "2019-06-17T13:46:25+00:00",
          }
        }
      />
    </Bootstrap(ListGroupItem)>
    <Bootstrap(ListGroupItem)
      key="3"
    >
      <Connect(Category)
        category={
          Object {
            "created": "2019-06-17T13:46:48+00:00",
            "description": "Speaker",
            "id": 3,
            "name": "Speaker",
            "updated": "2019-06-17T13:46:48+00:00",
          }
        }
      />
    </Bootstrap(ListGroupItem)>
  </ForwardRef>
</div>
`;
